Archive member included to satisfy reference by file (symbol)

libc.a(stdio.o)               hello.o (printf)
libc.a(start.o)               (_start)
libc.a(init.o)                libc.a(start.o) (__init)
libc.a(console.o)             libc.a(stdio.o) (Console::vprintf(char const*, char*))
libc.a(console_kernel.o)      libc.a(stdio.o) (vtable for Console_kernel)

Discarded input sections

 .text          0x0000000000000000       0xa5 hello.o
 .data          0x0000000000000000        0x0 hello.o
 .bss           0x0000000000000000        0x0 hello.o
 .text.unlikely
                0x0000000000000000        0x0 hello.o
 .eh_frame      0x0000000000000000       0xec hello.o
 .group         0x0000000000000000        0xc libc.a(stdio.o)
 .data          0x0000000000000000        0x0 libc.a(stdio.o)
 .text.unlikely
                0x0000000000000000        0x0 libc.a(stdio.o)
 .eh_frame      0x0000000000000000       0xa0 libc.a(stdio.o)
 .data          0x0000000000000000        0x0 libc.a(start.o)
 .bss           0x0000000000000000        0x0 libc.a(start.o)
 .data          0x0000000000000000        0x0 libc.a(init.o)
 .bss           0x0000000000000000        0x0 libc.a(init.o)
 .text.unlikely
                0x0000000000000000        0x0 libc.a(init.o)
 .eh_frame      0x0000000000000000       0x3c libc.a(init.o)
 .data          0x0000000000000000        0x0 libc.a(console.o)
 .bss           0x0000000000000000        0x0 libc.a(console.o)
 .text.unlikely
                0x0000000000000000        0x0 libc.a(console.o)
 .eh_frame      0x0000000000000000      0x170 libc.a(console.o)
 .group         0x0000000000000000        0x8 libc.a(console_kernel.o)
 .data          0x0000000000000000        0x0 libc.a(console_kernel.o)
 .bss           0x0000000000000000        0x0 libc.a(console_kernel.o)
 .text.unlikely
                0x0000000000000000        0x0 libc.a(console_kernel.o)
 .eh_frame      0x0000000000000000       0x54 libc.a(console_kernel.o)

Memory Configuration

Name             Origin             Length             Attributes
*default*        0x0000000000000000 0xffffffffffffffff

Linker script and memory map

                0x0000000000002000                . = 0x2000
                0x0000000000002000                stack_top = .
                0x0000000000002074                . = (. + SIZEOF_HEADERS)

.data           0x0000000000002080      0xf80
                0x0000000000002080        0x1 BYTE 0x42
 *(.rodata*)
 .rodata.str1.1
                0x0000000000002081       0x30 hello.o
 .rodata.str1.1
                0x00000000000020b1       0x11 libc.a(console.o)
 *fill*         0x00000000000020c2        0x2 
 .rodata        0x00000000000020c4      0x1e4 libc.a(console.o)
 .rodata._ZTV14Console_kernel
                0x00000000000022a8        0xc libc.a(console_kernel.o)
                0x00000000000022a8                vtable for Console_kernel
 *(.data*)
 *(.bss*)
 *fill*         0x00000000000022b4        0xc 
 .bss           0x00000000000022c0       0x90 libc.a(stdio.o)
                0x00000000000022c0                printf_lock
                0x00000000000022e0                console
                0x0000000000003000                . = ALIGN (0x1000)
 *fill*         0x0000000000002350      0xcb0 

.igot.plt       0x0000000000003000        0x0
 .igot.plt      0x0000000000003000        0x0 hello.o

.text           0x0000000000003000      0x6fc
 *(.text*)
 .text.startup  0x0000000000003000       0x90 hello.o
                0x0000000000003000                main
 .text          0x0000000000003090       0x62 libc.a(stdio.o)
                0x0000000000003090                panic
                0x00000000000030c0                printf
                0x00000000000030f0                __cxa_pure_virtual
 .text.unlikely._ZN8Spinlock4lockEv
                0x00000000000030f2        0x0 libc.a(stdio.o)
 *fill*         0x00000000000030f2        0xe 
 .text._ZN8Spinlock4lockEv
                0x0000000000003100       0x19 libc.a(stdio.o)
                0x0000000000003100                Spinlock::lock()
 *fill*         0x0000000000003119        0x7 
 .text.startup  0x0000000000003120       0x1a libc.a(stdio.o)
 .text          0x000000000000313a       0x11 libc.a(start.o)
                0x000000000000313a                _start
 *fill*         0x000000000000314b        0x5 
 .text          0x0000000000003150       0x5b libc.a(init.o)
                0x0000000000003150                __init
 *fill*         0x00000000000031ab        0x5 
 .text          0x00000000000031b0      0x4fe libc.a(console.o)
                0x00000000000031b0                Console::print_number(unsigned long long, unsigned int, unsigned int, unsigned int)
                0x0000000000003350                Console::vprintf(char const*, char*)
 *fill*         0x00000000000036ae        0x2 
 .text          0x00000000000036b0       0x4c libc.a(console_kernel.o)
                0x00000000000036b0                Console_kernel::putc(int)

.iplt           0x0000000000003700        0x0
 .iplt          0x0000000000003700        0x0 hello.o

.eh_frame_hdr   0x00000000000036fc        0x0
 .eh_frame_hdr  0x00000000000036fc        0x0 hello.o

.rel.dyn        0x00000000000036fc        0x0
 .rel.iplt      0x00000000000036fc        0x0 hello.o
 .rel.text.startup
                0x00000000000036fc        0x0 hello.o
 .rel.text      0x00000000000036fc        0x0 hello.o

.init_array     0x00000000000036fc        0x4
                0x00000000000036fc                PROVIDE (CTORS_L, .)
 *(.init_array.65534 .ctors.00001)
                0x00000000000036fc                PROVIDE (CTORS_G, .)
 *(.init_array.* .ctors.*)
 .init_array.00101
                0x00000000000036fc        0x4 libc.a(stdio.o)
 *(.init_array .ctors)
                0x0000000000003700                PROVIDE (CTORS_E, .)
LOAD hello.o
LOAD libc.a
OUTPUT(hello elf32-i386)

.debug_info     0x0000000000000000     0x1356
 .debug_info    0x0000000000000000      0x3d1 hello.o
 .debug_info    0x00000000000003d1      0x68b libc.a(stdio.o)
 .debug_info    0x0000000000000a5c       0x59 libc.a(start.o)
 .debug_info    0x0000000000000ab5      0x143 libc.a(init.o)
 .debug_info    0x0000000000000bf8      0x466 libc.a(console.o)
 .debug_info    0x000000000000105e      0x2f8 libc.a(console_kernel.o)

.debug_abbrev   0x0000000000000000      0x9b1
 .debug_abbrev  0x0000000000000000      0x159 hello.o
 .debug_abbrev  0x0000000000000159      0x35b libc.a(stdio.o)
 .debug_abbrev  0x00000000000004b4       0x14 libc.a(start.o)
 .debug_abbrev  0x00000000000004c8       0xd7 libc.a(init.o)
 .debug_abbrev  0x000000000000059f      0x253 libc.a(console.o)
 .debug_abbrev  0x00000000000007f2      0x1bf libc.a(console_kernel.o)

.debug_loc      0x0000000000000000      0xbf5
 .debug_loc     0x0000000000000000      0x216 hello.o
 .debug_loc     0x0000000000000216      0x129 libc.a(stdio.o)
 .debug_loc     0x000000000000033f       0x26 libc.a(init.o)
 .debug_loc     0x0000000000000365      0x81e libc.a(console.o)
 .debug_loc     0x0000000000000b83       0x72 libc.a(console_kernel.o)

.debug_aranges  0x0000000000000000       0xd8
 .debug_aranges
                0x0000000000000000       0x28 hello.o
 .debug_aranges
                0x0000000000000028       0x30 libc.a(stdio.o)
 .debug_aranges
                0x0000000000000058       0x20 libc.a(start.o)
 .debug_aranges
                0x0000000000000078       0x20 libc.a(init.o)
 .debug_aranges
                0x0000000000000098       0x20 libc.a(console.o)
 .debug_aranges
                0x00000000000000b8       0x20 libc.a(console_kernel.o)

.debug_ranges   0x0000000000000000      0x140
 .debug_ranges  0x0000000000000000       0x48 hello.o
 .debug_ranges  0x0000000000000048       0x38 libc.a(stdio.o)
 .debug_ranges  0x0000000000000080       0x30 libc.a(init.o)
 .debug_ranges  0x00000000000000b0       0x90 libc.a(console.o)

.debug_line     0x0000000000000000      0x488
 .debug_line    0x0000000000000000       0x99 hello.o
 .debug_line    0x0000000000000099      0x11b libc.a(stdio.o)
 .debug_line    0x00000000000001b4       0x3c libc.a(start.o)
 .debug_line    0x00000000000001f0       0x7f libc.a(init.o)
 .debug_line    0x000000000000026f      0x166 libc.a(console.o)
 .debug_line    0x00000000000003d5       0xb3 libc.a(console_kernel.o)

.debug_str      0x0000000000000000      0x61f
 .debug_str     0x0000000000000000       0xc3 hello.o
                                         0xdc (size before relaxing)
 .debug_str     0x00000000000000c3      0x43b libc.a(stdio.o)
                                        0x4bf (size before relaxing)
 .debug_str     0x00000000000004fe       0x54 libc.a(init.o)
                                        0x168 (size before relaxing)
 .debug_str     0x0000000000000552       0x94 libc.a(console.o)
                                        0x2ac (size before relaxing)
 .debug_str     0x00000000000005e6       0x39 libc.a(console_kernel.o)
                                        0x287 (size before relaxing)

.comment        0x0000000000000000       0x34
 .comment       0x0000000000000000       0x34 hello.o
                                         0x35 (size before relaxing)
 .comment       0x0000000000000034       0x35 libc.a(stdio.o)
 .comment       0x0000000000000034       0x35 libc.a(init.o)
 .comment       0x0000000000000034       0x35 libc.a(console.o)
 .comment       0x0000000000000034       0x35 libc.a(console_kernel.o)

.note.GNU-stack
                0x0000000000000000        0x0
 .note.GNU-stack
                0x0000000000000000        0x0 hello.o
 .note.GNU-stack
                0x0000000000000000        0x0 libc.a(stdio.o)
 .note.GNU-stack
                0x0000000000000000        0x0 libc.a(init.o)
 .note.GNU-stack
                0x0000000000000000        0x0 libc.a(console.o)
 .note.GNU-stack
                0x0000000000000000        0x0 libc.a(console_kernel.o)
